
> mentor-ia@0.0.0 build
> vite build

[36mvite v8.0.2 [32mbuilding client environment for production...[36m[39m
[2K
node.exe : Error: Cannot apply unknown utility class `ring-primary`. Are you using CSS modules or similar and missing 
`@reference`? https://tailwindcss.com/docs/functions-and-directives#reference-directive
En línea: 1 Carácter: 1
+ & "C:\Program Files\nodejs/node.exe" "C:\Program Files\nodejs/node_mo ...
+ ~~~~~~~~~~~~~~~~~~~~~~~~~~~~~~~~~~~~~~~~~~~~~~~~~~~~~~~~~~~~~~~~~~~~~
    + CategoryInfo          : NotSpecified: (Error: Cannot a...rence-directive:String) [], RemoteException
    + FullyQualifiedErrorId : NativeCommandError
 
    at onInvalidCandidate (E:\Mentor-iA\node_modules\tailwindcss\dist\lib.js:21:1314)
    at Ee (E:\Mentor-iA\node_modules\tailwindcss\dist\lib.js:16:37066)
    at E:\Mentor-iA\node_modules\tailwindcss\dist\lib.js:21:355
    at _r (E:\Mentor-iA\node_modules\tailwindcss\dist\lib.js:3:1733)
    at I (E:\Mentor-iA\node_modules\tailwindcss\dist\lib.js:3:1377)
    at Te (E:\Mentor-iA\node_modules\tailwindcss\dist\lib.js:21:172)
    at mn (E:\Mentor-iA\node_modules\tailwindcss\dist\lib.js:38:294)
    at async gn (E:\Mentor-iA\node_modules\tailwindcss\dist\lib.js:38:631)
    at async Xr (E:\Mentor-iA\node_modules\@tailwindcss\node\dist\index.js:10:3416)
    at async N (E:\Mentor-iA\node_modules\@tailwindcss\postcss\dist\index.js:10:3979)
transforming...Ô£ô 1803 modules transformed.
[31mÔ£ù[39m Build failed in 4.28s
[31merror during build:
[31mBuild failed with 1 error:

[plugin vite:css] E:/Mentor-iA/src/App.vue?vue&type=style&index=0&lang.css:1:0
CssSyntaxError: [postcss] tailwindcss: E:/Mentor-iA/src/App.vue?vue&type=style&index=0&lang.css:1:1: Cannot apply 
unknown utility class `ring-primary`. Are you using CSS modules or similar and missing `@reference`? 
https://tailwindcss.com/docs/functions-and-directives#reference-directive
    at Input.error (E:\Mentor-iA\node_modules\postcss\lib\input.js:135:16)
    at Root.error (E:\Mentor-iA\node_modules\postcss\lib\node.js:146:32)
    at Object.Once (E:\Mentor-iA\node_modules\@tailwindcss\postcss\dist\index.js:10:6913)
    at async LazyResult.runAsync (E:\Mentor-iA\node_modules\postcss\lib\lazy-result.js:293:11)
    at async runPostCSS (file:///E:/Mentor-iA/node_modules/vite/dist/node/chunks/node.js:20944:19)
    at async compilePostCSS (file:///E:/Mentor-iA/node_modules/vite/dist/node/chunks/node.js:20928:6)
    at async compileCSS (file:///E:/Mentor-iA/node_modules/vite/dist/node/chunks/node.js:20858:26)
    at async TransformPluginContextImpl.handler 
(file:///E:/Mentor-iA/node_modules/vite/dist/node/chunks/node.js:20374:47)
    at async plugin 
(file:///E:/Mentor-iA/node_modules/rolldown/dist/shared/bindingify-input-options-DVAZE22h.mjs:1129:16)
    at async plugin.<computed> 
(file:///E:/Mentor-iA/node_modules/rolldown/dist/shared/bindingify-input-options-DVAZE22h.mjs:1593:12)[31m
    at aggregateBindingErrorsIntoJsError 
(file:///E:/Mentor-iA/node_modules/rolldown/dist/shared/error-D8cGyrC7.mjs:48:18)
    at unwrapBindingResult (file:///E:/Mentor-iA/node_modules/rolldown/dist/shared/error-D8cGyrC7.mjs:18:128)
    at #build (file:///E:/Mentor-iA/node_modules/rolldown/dist/shared/rolldown-build-CL9PyQ2E.mjs:3313:34)
    at async buildEnvironment (file:///E:/Mentor-iA/node_modules/vite/dist/node/chunks/node.js:32829:64)
    at async Object.build (file:///E:/Mentor-iA/node_modules/vite/dist/node/chunks/node.js:33251:19)
    at async Object.buildApp (file:///E:/Mentor-iA/node_modules/vite/dist/node/chunks/node.js:33248:153)
    at async CAC.<anonymous> (file:///E:/Mentor-iA/node_modules/vite/dist/node/cli.js:778:3) {
  errors: [Getter/Setter]
}[39m
